organization
givenName familyName
addressLine1
addressLine2
addressLine3
FI-postalCode LOCALITY
SUOMIJA - FINLAND