organization
givenName familyName
addressLine1
addressLine2
addressLine3
postalCode LOCALITY administrativeArea