givenName familyName
organization
addressLine1
addressLine2
addressLine3
LOCALITY, postalCode
LATVIA