organization
givenName familyName
addressLine1
addressLine2
addressLine3
LT-postalCode LOCALITY administrativeArea
LIETTUA - LITHUANIA