organization
givenName familyName
addressLine1
addressLine2
addressLine3
SE-postalCode LOCALITY
Å VEDIJA - SWEDEN