givenName familyName
organization
addressLine1
addressLine2
addressLine3
postalCode LOCALITY administrativeArea
VIRO - ESTONIA